 
****************************************
Report : timing
        -path full
        -delay min
        -max_paths 10
Design : uart_top
Version: W-2024.09-SP5-4
Date   : Tue May  5 19:38:31 2026
****************************************

Operating Conditions: ss0p75v125c   Library: saed32rvt_ss0p75v125c
Wire Load Model Mode: enclosed

  Startpoint: regs/fcr_reg[1]
              (rising edge-triggered flip-flop clocked by wb_clk)
  Endpoint: regs/rda_int_d_reg
            (rising edge-triggered flip-flop clocked by wb_clk)
  Path Group: wb_clk
  Path Type: min

  Des/Clust/Port     Wire Load Model       Library
  ------------------------------------------------
  uart_top           16000                 saed32rvt_ss0p75v125c
  uart_regs          16000                 saed32rvt_ss0p75v125c

  Point                                    Incr       Path
  -----------------------------------------------------------
  clock wb_clk (rise edge)                0.000      0.000
  clock network delay (ideal)             0.000      0.000
  regs/fcr_reg[1]/CLK (DFFASX1_RVT)       0.000      0.000 r
  regs/fcr_reg[1]/QN (DFFASX1_RVT)        0.278      0.278 f
  regs/U163/Y (OR2X1_RVT)                 0.151      0.428 f
  regs/U155/Y (OA221X1_RVT)               0.207      0.635 f
  regs/rda_int_d_reg/D (DFFARX1_HVT)      0.000      0.635 f
  data arrival time                                  0.635

  clock wb_clk (rise edge)                0.000      0.000
  clock network delay (ideal)             0.000      0.000
  clock uncertainty                       0.150      0.150
  regs/rda_int_d_reg/CLK (DFFARX1_HVT)    0.000      0.150 r
  library hold time                       0.180      0.330
  data required time                                 0.330
  -----------------------------------------------------------
  data required time                                 0.330
  data arrival time                                 -0.635
  -----------------------------------------------------------
  slack (MET)                                        0.306


  Startpoint: regs/receiver/counter_t_reg[5]
              (rising edge-triggered flip-flop clocked by wb_clk)
  Endpoint: regs/receiver/counter_t_reg[6]
            (rising edge-triggered flip-flop clocked by wb_clk)
  Path Group: wb_clk
  Path Type: min

  Des/Clust/Port     Wire Load Model       Library
  ------------------------------------------------
  uart_top           16000                 saed32rvt_ss0p75v125c
  uart_receiver      8000                  saed32rvt_ss0p75v125c

  Point                                                   Incr       Path
  --------------------------------------------------------------------------
  clock wb_clk (rise edge)                               0.000      0.000
  clock network delay (ideal)                            0.000      0.000
  regs/receiver/counter_t_reg[5]/CLK (DFFASX1_RVT)       0.000      0.000 r
  regs/receiver/counter_t_reg[5]/QN (DFFASX1_RVT)        0.295      0.295 r
  regs/receiver/U284/Y (NOR2X0_RVT)                      0.147      0.441 f
  regs/receiver/U285/Y (OA21X1_RVT)                      0.136      0.577 f
  regs/receiver/U207/Y (OR3X1_RVT)                       0.120      0.697 f
  regs/receiver/counter_t_reg[6]/D (DFFASX1_HVT)         0.000      0.697 f
  data arrival time                                                 0.697

  clock wb_clk (rise edge)                               0.000      0.000
  clock network delay (ideal)                            0.000      0.000
  clock uncertainty                                      0.150      0.150
  regs/receiver/counter_t_reg[6]/CLK (DFFASX1_HVT)       0.000      0.150 r
  library hold time                                      0.221      0.371
  data required time                                                0.371
  --------------------------------------------------------------------------
  data required time                                                0.371
  data arrival time                                                -0.697
  --------------------------------------------------------------------------
  slack (MET)                                                       0.326


  Startpoint: regs/receiver/counter_t_reg[2]
              (rising edge-triggered flip-flop clocked by wb_clk)
  Endpoint: regs/receiver/counter_t_reg[3]
            (rising edge-triggered flip-flop clocked by wb_clk)
  Path Group: wb_clk
  Path Type: min

  Des/Clust/Port     Wire Load Model       Library
  ------------------------------------------------
  uart_top           16000                 saed32rvt_ss0p75v125c
  uart_regs          16000                 saed32rvt_ss0p75v125c
  uart_receiver      8000                  saed32rvt_ss0p75v125c

  Point                                                   Incr       Path
  --------------------------------------------------------------------------
  clock wb_clk (rise edge)                               0.000      0.000
  clock network delay (ideal)                            0.000      0.000
  regs/receiver/counter_t_reg[2]/CLK (DFFASX1_RVT)       0.000      0.000 r
  regs/receiver/counter_t_reg[2]/Q (DFFASX1_RVT)         0.359      0.359 f
  regs/receiver/U200/Y (NOR2X0_LVT)                      0.112      0.471 r
  regs/receiver/U40/Y (INVX0_LVT)                        0.018      0.489 f
  regs/receiver/U281/Y (AND2X1_RVT)                      0.080      0.569 f
  regs/receiver/U37/Y (OR3X1_RVT)                        0.142      0.711 f
  regs/receiver/counter_t_reg[3]/D (DFFASX1_HVT)         0.000      0.711 f
  data arrival time                                                 0.711

  clock wb_clk (rise edge)                               0.000      0.000
  clock network delay (ideal)                            0.000      0.000
  clock uncertainty                                      0.150      0.150
  regs/receiver/counter_t_reg[3]/CLK (DFFASX1_HVT)       0.000      0.150 r
  library hold time                                      0.221      0.371
  data required time                                                0.371
  --------------------------------------------------------------------------
  data required time                                                0.371
  data arrival time                                                -0.711
  --------------------------------------------------------------------------
  slack (MET)                                                       0.340


  Startpoint: regs/receiver/counter_t_reg[5]
              (rising edge-triggered flip-flop clocked by wb_clk)
  Endpoint: regs/receiver/counter_t_reg[5]
            (rising edge-triggered flip-flop clocked by wb_clk)
  Path Group: wb_clk
  Path Type: min

  Des/Clust/Port     Wire Load Model       Library
  ------------------------------------------------
  uart_top           16000                 saed32rvt_ss0p75v125c
  uart_regs          16000                 saed32rvt_ss0p75v125c
  uart_receiver      8000                  saed32rvt_ss0p75v125c

  Point                                                   Incr       Path
  --------------------------------------------------------------------------
  clock wb_clk (rise edge)                               0.000      0.000
  clock network delay (ideal)                            0.000      0.000
  regs/receiver/counter_t_reg[5]/CLK (DFFASX1_RVT)       0.000      0.000 r
  regs/receiver/counter_t_reg[5]/Q (DFFASX1_RVT)         0.363      0.363 f
  regs/receiver/U157/Y (AO21X1_RVT)                      0.155      0.518 f
  regs/receiver/counter_t_reg[5]/D (DFFASX1_RVT)         0.000      0.518 f
  data arrival time                                                 0.518

  clock wb_clk (rise edge)                               0.000      0.000
  clock network delay (ideal)                            0.000      0.000
  clock uncertainty                                      0.150      0.150
  regs/receiver/counter_t_reg[5]/CLK (DFFASX1_RVT)       0.000      0.150 r
  library hold time                                      0.007      0.157
  data required time                                                0.157
  --------------------------------------------------------------------------
  data required time                                                0.157
  data arrival time                                                -0.518
  --------------------------------------------------------------------------
  slack (MET)                                                       0.361


  Startpoint: regs/lcr_reg[0]
              (rising edge-triggered flip-flop clocked by wb_clk)
  Endpoint: regs/receiver/rshift_reg[7]
            (rising edge-triggered flip-flop clocked by wb_clk)
  Path Group: wb_clk
  Path Type: min

  Des/Clust/Port     Wire Load Model       Library
  ------------------------------------------------
  uart_top           16000                 saed32rvt_ss0p75v125c
  uart_receiver      8000                  saed32rvt_ss0p75v125c

  Point                                                   Incr       Path
  --------------------------------------------------------------------------
  clock wb_clk (rise edge)                               0.000      0.000
  clock network delay (ideal)                            0.000      0.000
  regs/lcr_reg[0]/CLK (DFFASX1_RVT)                      0.000      0.000 r
  regs/lcr_reg[0]/Q (DFFASX1_RVT)                        0.414      0.414 r
  regs/receiver/lcr[0] (uart_receiver)                   0.000      0.414 r
  regs/receiver/U134/Y (AOI21X1_RVT)                     0.209      0.623 f
  regs/receiver/U137/Y (AO21X1_RVT)                      0.129      0.752 f
  regs/receiver/rshift_reg[7]/D (DFFASRX1_HVT)           0.000      0.752 f
  data arrival time                                                 0.752

  clock wb_clk (rise edge)                               0.000      0.000
  clock network delay (ideal)                            0.000      0.000
  clock uncertainty                                      0.150      0.150
  regs/receiver/rshift_reg[7]/CLK (DFFASRX1_HVT)         0.000      0.150 r
  library hold time                                      0.238      0.388
  data required time                                                0.388
  --------------------------------------------------------------------------
  data required time                                                0.388
  data arrival time                                                -0.752
  --------------------------------------------------------------------------
  slack (MET)                                                       0.364


  Startpoint: regs/lcr_reg[1]
              (rising edge-triggered flip-flop clocked by wb_clk)
  Endpoint: regs/receiver/rbit_counter_reg[1]
            (rising edge-triggered flip-flop clocked by wb_clk)
  Path Group: wb_clk
  Path Type: min

  Des/Clust/Port     Wire Load Model       Library
  ------------------------------------------------
  uart_top           16000                 saed32rvt_ss0p75v125c
  uart_receiver      8000                  saed32rvt_ss0p75v125c

  Point                                                   Incr       Path
  --------------------------------------------------------------------------
  clock wb_clk (rise edge)                               0.000      0.000
  clock network delay (ideal)                            0.000      0.000
  regs/lcr_reg[1]/CLK (DFFASX1_RVT)                      0.000      0.000 r
  regs/lcr_reg[1]/Q (DFFASX1_RVT)                        0.393      0.393 f
  regs/receiver/lcr[1] (uart_receiver)                   0.000      0.393 f
  regs/receiver/U100/Y (INVX0_HVT)                       0.119      0.512 r
  regs/receiver/U132/Y (OAI22X1_RVT)                     0.152      0.664 f
  regs/receiver/U133/Y (AO21X1_RVT)                      0.082      0.746 f
  regs/receiver/rbit_counter_reg[1]/D (DFFARX1_HVT)      0.000      0.746 f
  data arrival time                                                 0.746

  clock wb_clk (rise edge)                               0.000      0.000
  clock network delay (ideal)                            0.000      0.000
  clock uncertainty                                      0.150      0.150
  regs/receiver/rbit_counter_reg[1]/CLK (DFFARX1_HVT)    0.000      0.150 r
  library hold time                                      0.211      0.361
  data required time                                                0.361
  --------------------------------------------------------------------------
  data required time                                                0.361
  data arrival time                                                -0.746
  --------------------------------------------------------------------------
  slack (MET)                                                       0.386


  Startpoint: regs/receiver/counter_t_reg[4]
              (rising edge-triggered flip-flop clocked by wb_clk)
  Endpoint: regs/ti_int_d_reg
            (rising edge-triggered flip-flop clocked by wb_clk)
  Path Group: wb_clk
  Path Type: min

  Des/Clust/Port     Wire Load Model       Library
  ------------------------------------------------
  uart_top           16000                 saed32rvt_ss0p75v125c
  uart_regs          16000                 saed32rvt_ss0p75v125c

  Point                                                   Incr       Path
  --------------------------------------------------------------------------
  clock wb_clk (rise edge)                               0.000      0.000
  clock network delay (ideal)                            0.000      0.000
  regs/receiver/counter_t_reg[4]/CLK (DFFASX1_RVT)       0.000      0.000 r
  regs/receiver/counter_t_reg[4]/Q (DFFASX1_RVT)         0.354      0.354 r
  regs/receiver/counter_t[4] (uart_receiver)             0.000      0.354 r
  regs/U96/Y (NOR4X1_RVT)                                0.180      0.534 f
  regs/U410/Y (NAND3X0_RVT)                              0.054      0.588 r
  regs/U411/Y (NOR4X1_RVT)                               0.164      0.752 f
  regs/ti_int_d_reg/D (DFFARX1_HVT)                      0.000      0.752 f
  data arrival time                                                 0.752

  clock wb_clk (rise edge)                               0.000      0.000
  clock network delay (ideal)                            0.000      0.000
  clock uncertainty                                      0.150      0.150
  regs/ti_int_d_reg/CLK (DFFARX1_HVT)                    0.000      0.150 r
  library hold time                                      0.207      0.357
  data required time                                                0.357
  --------------------------------------------------------------------------
  data required time                                                0.357
  data arrival time                                                -0.752
  --------------------------------------------------------------------------
  slack (MET)                                                       0.395


  Startpoint: regs/receiver/counter_t_reg[2]
              (rising edge-triggered flip-flop clocked by wb_clk)
  Endpoint: regs/receiver/counter_t_reg[2]
            (rising edge-triggered flip-flop clocked by wb_clk)
  Path Group: wb_clk
  Path Type: min

  Des/Clust/Port     Wire Load Model       Library
  ------------------------------------------------
  uart_top           16000                 saed32rvt_ss0p75v125c
  uart_regs          16000                 saed32rvt_ss0p75v125c
  uart_receiver      8000                  saed32rvt_ss0p75v125c

  Point                                                   Incr       Path
  --------------------------------------------------------------------------
  clock wb_clk (rise edge)                               0.000      0.000
  clock network delay (ideal)                            0.000      0.000
  regs/receiver/counter_t_reg[2]/CLK (DFFASX1_RVT)       0.000      0.000 r
  regs/receiver/counter_t_reg[2]/Q (DFFASX1_RVT)         0.360      0.360 r
  regs/receiver/U200/Y (NOR2X0_LVT)                      0.095      0.455 f
  regs/receiver/U203/Y (OR2X1_RVT)                       0.101      0.556 f
  regs/receiver/counter_t_reg[2]/D (DFFASX1_RVT)         0.000      0.556 f
  data arrival time                                                 0.556

  clock wb_clk (rise edge)                               0.000      0.000
  clock network delay (ideal)                            0.000      0.000
  clock uncertainty                                      0.150      0.150
  regs/receiver/counter_t_reg[2]/CLK (DFFASX1_RVT)       0.000      0.150 r
  library hold time                                      0.006      0.156
  data required time                                                0.156
  --------------------------------------------------------------------------
  data required time                                                0.156
  data arrival time                                                -0.556
  --------------------------------------------------------------------------
  slack (MET)                                                       0.400


  Startpoint: wb_interface/wb_dat_o_reg[14]
              (rising edge-triggered flip-flop clocked by wb_clk)
  Endpoint: wb_interface/wb_dat_o_reg[14]
            (rising edge-triggered flip-flop clocked by wb_clk)
  Path Group: wb_clk
  Path Type: min

  Des/Clust/Port     Wire Load Model       Library
  ------------------------------------------------
  uart_top           16000                 saed32rvt_ss0p75v125c
  uart_wb            8000                  saed32rvt_ss0p75v125c

  Point                                                   Incr       Path
  --------------------------------------------------------------------------
  clock wb_clk (rise edge)                               0.000      0.000
  clock network delay (ideal)                            0.000      0.000
  wb_interface/wb_dat_o_reg[14]/CLK (DFFARX1_RVT)        0.000      0.000 r
  wb_interface/wb_dat_o_reg[14]/Q (DFFARX1_RVT)          0.343      0.343 f
  wb_interface/U5/Y (AO222X1_RVT)                        0.209      0.552 f
  wb_interface/wb_dat_o_reg[14]/D (DFFARX1_RVT)          0.000      0.552 f
  data arrival time                                                 0.552

  clock wb_clk (rise edge)                               0.000      0.000
  clock network delay (ideal)                            0.000      0.000
  clock uncertainty                                      0.150      0.150
  wb_interface/wb_dat_o_reg[14]/CLK (DFFARX1_RVT)        0.000      0.150 r
  library hold time                                     -0.002      0.148
  data required time                                                0.148
  --------------------------------------------------------------------------
  data required time                                                0.148
  data arrival time                                                -0.552
  --------------------------------------------------------------------------
  slack (MET)                                                       0.404


  Startpoint: wb_interface/wb_dat_o_reg[8]
              (rising edge-triggered flip-flop clocked by wb_clk)
  Endpoint: wb_interface/wb_dat_o_reg[8]
            (rising edge-triggered flip-flop clocked by wb_clk)
  Path Group: wb_clk
  Path Type: min

  Des/Clust/Port     Wire Load Model       Library
  ------------------------------------------------
  uart_top           16000                 saed32rvt_ss0p75v125c
  uart_wb            8000                  saed32rvt_ss0p75v125c

  Point                                                   Incr       Path
  --------------------------------------------------------------------------
  clock wb_clk (rise edge)                               0.000      0.000
  clock network delay (ideal)                            0.000      0.000
  wb_interface/wb_dat_o_reg[8]/CLK (DFFARX1_RVT)         0.000      0.000 r
  wb_interface/wb_dat_o_reg[8]/Q (DFFARX1_RVT)           0.343      0.343 f
  wb_interface/U70/Y (AO222X1_RVT)                       0.209      0.552 f
  wb_interface/wb_dat_o_reg[8]/D (DFFARX1_RVT)           0.000      0.552 f
  data arrival time                                                 0.552

  clock wb_clk (rise edge)                               0.000      0.000
  clock network delay (ideal)                            0.000      0.000
  clock uncertainty                                      0.150      0.150
  wb_interface/wb_dat_o_reg[8]/CLK (DFFARX1_RVT)         0.000      0.150 r
  library hold time                                     -0.003      0.147
  data required time                                                0.147
  --------------------------------------------------------------------------
  data required time                                                0.147
  data arrival time                                                -0.552
  --------------------------------------------------------------------------
  slack (MET)                                                       0.406


1
