 
****************************************
Report : area
Design : uart_top
Version: W-2024.09-SP5-4
Date   : Tue Jun  2 19:34:25 2026
****************************************

Library(s) Used:

    saed32rvt_ss0p75v125c (File: /usr/local/synopsys/pdk/SAED32_EDK/lib/stdcell_rvt/db_nldm/saed32rvt_ss0p75v125c.db)
    saed32hvt_ss0p75v125c (File: /usr/local/synopsys/pdk/SAED32_EDK/lib/stdcell_hvt/db_nldm/saed32hvt_ss0p75v125c.db)
    saed32lvt_ss0p75v125c (File: /usr/local/synopsys/pdk/SAED32_EDK/lib/stdcell_lvt/db_nldm/saed32lvt_ss0p75v125c.db)

Number of ports:                          605
Number of nets:                          3605
Number of cells:                         2722
Number of combinational cells:           2011
Number of sequential cells:               604
Number of macros/black boxes:               0
Number of buf/inv:                        300
Number of references:                       3

Combinational area:               4878.802427
Buf/Inv area:                      408.409411
Noncombinational area:            4250.304339
Macro/Black Box area:                0.000000
Net Interconnect area:            2034.063720

Total cell area:                  9129.106767
Total area:                      11163.170487

Hierarchical area distribution
------------------------------

                                  Global cell area          Local cell area
                                  ------------------  ---------------------------- 
Hierarchical cell                 Absolute   Percent  Combi-     Noncombi-  Black-
                                  Total      Total    national   national   boxes   Design
--------------------------------  ---------  -------  ---------  ---------  ------  -----------------------------------------
uart_top                          9129.1068    100.0     0.0000     0.0000  0.0000  uart_top
dbg                                 90.7294      1.0    90.7294     0.0000  0.0000  uart_debug_if
regs                              8211.6469     90.0  1063.8468   844.2664  0.0000  uart_regs
regs/i_uart_sync_flops              16.0111      0.2     1.2707    14.7404  0.0000  uart_sync_flops_1_1
regs/receiver                     3876.9668     42.5   670.1777   384.7740  0.0000  uart_receiver
regs/receiver/fifo_rx             2822.0150     30.9   599.5257   442.7189  0.0000  uart_rfifo_fifo_width11
regs/receiver/fifo_rx/rfifo       1779.7705     19.5   911.6145   868.1559  0.0000  raminfr_addr_width4_data_width8_depth16_0
regs/transmitter                  2410.5559     26.4   244.7407   157.0610  0.0000  uart_transmitter
regs/transmitter/fifo_tx          2008.7542     22.0   131.3924    92.5084  0.0000  uart_tfifo
regs/transmitter/fifo_tx/tfifo    1784.8533     19.6   890.2664   894.5869  0.0000  raminfr_addr_width4_data_width8_depth16_1
wb_interface                       826.7304      9.1   275.2380   551.4925  0.0000  uart_wb
--------------------------------  ---------  -------  ---------  ---------  ------  -----------------------------------------
Total                                                 4878.8024  4250.3043  0.0000

1
