 
****************************************
Report : constraint
        -all_violators
Design : uart_top_clkgate
Version: W-2024.09-SP5-4
Date   : Tue Jun  2 19:55:12 2026
****************************************


   max_transition

                             Required        Actual
   Net                      Transition     Transition        Slack
   -----------------------------------------------------------------
   dbg/n5                       0.24           0.43          -0.19  (VIOLATED)
       PIN :   dbg/U3/Y         0.24           0.43          -0.19  (VIOLATED)
   regs/receiver/fifo_rx/n21
                                1.02           1.08          -0.06  (VIOLATED)
       PIN :   regs/receiver/fifo_rx/U181/A1
                                1.02           1.08          -0.06  (VIOLATED)
       PIN :   regs/receiver/fifo_rx/U227/A4
                                1.02           1.08          -0.06  (VIOLATED)
       PIN :   regs/receiver/fifo_rx/U68/A1
                                1.02           1.08          -0.06  (VIOLATED)
       PIN :   regs/receiver/fifo_rx/U98/A1
                                1.02           1.08          -0.06  (VIOLATED)

   -----------------------------------------------------------------
   Total                      2                  -0.25  

   max_capacitance

                             Required        Actual
   Net                      Capacitance    Capacitance       Slack
   -----------------------------------------------------------------
   dbg/n5                       8.00          23.51         -15.51  (VIOLATED)
   dbg/n6                       8.00          12.28          -4.28  (VIOLATED)

   -----------------------------------------------------------------
   Total                      2                 -19.79  

1
