Information: Propagating switching activity (high effort zero delay simulation). (PWR-6)
Warning: Design has unannotated primary inputs. (PWR-414)
Warning: Design has unannotated sequential cell outputs. (PWR-415)
 
****************************************
Report : power
        -hier
        -analysis_effort high
Design : uart_top_clkgate
Version: W-2024.09-SP5-4
Date   : Tue Jun  2 19:55:12 2026
****************************************


Library(s) Used:

    saed32hvt_ss0p75v125c (File: /usr/local/synopsys/pdk/SAED32_EDK/lib/stdcell_hvt/db_nldm/saed32hvt_ss0p75v125c.db)
    saed32rvt_ss0p75v125c (File: /usr/local/synopsys/pdk/SAED32_EDK/lib/stdcell_rvt/db_nldm/saed32rvt_ss0p75v125c.db)
    saed32lvt_ss0p75v125c (File: /usr/local/synopsys/pdk/SAED32_EDK/lib/stdcell_lvt/db_nldm/saed32lvt_ss0p75v125c.db)


Operating Conditions: ss0p75v125c   Library: saed32rvt_ss0p75v125c
Wire Load Model Mode: enclosed

Design        Wire Load Model            Library
------------------------------------------------
uart_top_clkgate       16000             saed32rvt_ss0p75v125c
uart_wb                8000              saed32rvt_ss0p75v125c
uart_regs_clkgate      16000             saed32rvt_ss0p75v125c
uart_debug_if          ForQA             saed32rvt_ss0p75v125c
uart_transmitter_clkgate
                       8000              saed32rvt_ss0p75v125c
uart_sync_flops_1_1    ForQA             saed32rvt_ss0p75v125c
uart_receiver          8000              saed32rvt_ss0p75v125c
uart_tfifo             8000              saed32rvt_ss0p75v125c
uart_rfifo_fifo_width11
                       8000              saed32rvt_ss0p75v125c
raminfr_addr_width4_data_width8_depth16_1
                       8000              saed32rvt_ss0p75v125c
raminfr_addr_width4_data_width8_depth16_0
                       8000              saed32rvt_ss0p75v125c


Global Operating Voltage = 0.75 
Power-specific unit information :
    Voltage Units = 1V
    Capacitance Units = 1.000000ff
    Time Units = 1ns
    Dynamic Power Units = 1uW    (derived from V,C,T units)
    Leakage Power Units = 1pW


--------------------------------------------------------------------------------
                                       Switch   Int      Leak     Total
Hierarchy                              Power    Power    Power    Power    %
--------------------------------------------------------------------------------
uart_top_clkgate                          2.846  181.002 7.46e+07  258.409 100.0
  dbg (uart_debug_if)                  7.13e-02 5.65e-02 4.31e+05    0.559   0.2
  regs (uart_regs_clkgate)                1.959  156.923 6.41e+07  222.950  86.3
    receiver (uart_receiver)              0.436   72.523 2.67e+07   99.627  38.6
      fifo_rx (uart_rfifo_fifo_width11)
                                          0.219   55.523 1.64e+07   72.117  27.9
        rfifo (raminfr_addr_width4_data_width8_depth16_0)
                                       6.77e-03   37.372 8.53e+06   45.910  17.8
    i_uart_sync_flops (uart_sync_flops_1_1)
                                       1.17e-02    0.628 3.27e+04    0.673   0.3
    transmitter (uart_transmitter_clkgate)
                                          0.128   45.999 1.65e+07   62.609  24.2
      fifo_tx (uart_tfifo)             5.40e-02   39.547 1.27e+07   52.346  20.3
        tfifo (raminfr_addr_width4_data_width8_depth16_1)
                                       7.69e-03   35.744 1.10e+07   46.721  18.1
  wb_interface (uart_wb)                  0.816   24.022 1.01e+07   34.899  13.5
1
