****************************************
Report : Averaged Power
	-nosplit
Design : uart_top_pipe
Version: V-2023.12-SP5-4
Date   : Wed Jun  3 01:25:59 2026
****************************************



  Attributes
  ----------
      i  -  Including register clock pin internal power
      u  -  User defined power group

                        Internal  Switching  Leakage    Total
Power Group             Power     Power      Power      Power   (     %)  Attrs
--------------------------------------------------------------------------------
clock_network           9.137e-05    0.0000    0.0000 9.137e-05 (45.73%)  i
register                1.965e-07 1.106e-07 5.320e-05 5.351e-05 (26.78%)  
combinational           1.414e-06 7.407e-07 5.277e-05 5.493e-05 (27.49%)  
sequential                 0.0000    0.0000    0.0000    0.0000 ( 0.00%)  
memory                     0.0000    0.0000    0.0000    0.0000 ( 0.00%)  
io_pad                     0.0000    0.0000    0.0000    0.0000 ( 0.00%)  
black_box                  0.0000    0.0000    0.0000    0.0000 ( 0.00%)  

  Net Switching Power  = 8.513e-07   ( 0.43%)
  Cell Internal Power  = 9.298e-05   (46.54%)
  Cell Leakage Power   = 1.060e-04   (53.04%)
                         ---------
Total Power            = 1.998e-04  (100.00%)

1
