****************************************
Report : Averaged Power
	-hierarchy
Design : uart_top_clkgate
Version: V-2023.12-SP5-4
Date   : Wed Jun  3 01:25:38 2026
****************************************



                                      Int      Switch   Leak     Total
Hierarchy                             Power    Power    Power    Power    %
----------------------------------------------------------------------------------
uart_top_clkgate                      9.30e-05 1.01e-06 9.52e-05 1.89e-04 100.0
  dbg (uart_debug_if)                 3.21e-11    0.000 3.99e-07 3.99e-07   0.2
  regs (uart_regs_clkgate)            8.10e-05 8.10e-07 8.36e-05 1.65e-04  87.5
    receiver (uart_receiver)          3.73e-05 1.87e-07 3.67e-05 7.41e-05  39.2
      fifo_rx (uart_rfifo_fifo_width11)
                                      2.84e-05 1.18e-08 2.41e-05 5.25e-05  27.8
        rfifo (raminfr_addr_width4_data_width8_depth16_0)
                                      1.92e-05 1.89e-09 1.39e-05 3.31e-05  17.5
    i_uart_sync_flops (uart_sync_flops_1_1)
                                      3.09e-07 8.00e-12 3.29e-08 3.42e-07   0.2
    transmitter (uart_transmitter_clkgate)
                                      2.44e-05 8.40e-08 2.20e-05 4.65e-05  24.6
      fifo_tx (uart_tfifo)            2.09e-05 3.71e-09 1.67e-05 3.77e-05  19.9
        tfifo (raminfr_addr_width4_data_width8_depth16_1)
                                      1.90e-05 1.31e-09 1.41e-05 3.31e-05  17.5
  wb_interface (uart_wb)              1.19e-05 1.96e-07 1.12e-05 2.33e-05  12.3
1
