****************************************
Report : Averaged Power
	-hierarchy
Design : uart_top_pipe
Version: V-2023.12-SP5-4
Date   : Wed Jun  3 01:25:59 2026
****************************************



                                      Int      Switch   Leak     Total
Hierarchy                             Power    Power    Power    Power    %
----------------------------------------------------------------------------------
uart_top_pipe                         9.30e-05 8.51e-07 1.06e-04 2.00e-04 100.0
  dbg (uart_debug_if)                 4.43e-11    0.000 7.53e-07 7.53e-07   0.4
  regs (uart_regs_pipe)               8.10e-05 6.40e-07 9.41e-05 1.76e-04  88.0
    receiver (uart_receiver)          3.72e-05 1.37e-07 4.09e-05 7.82e-05  39.1
      fifo_rx (uart_rfifo_fifo_width11)
                                      2.85e-05 1.13e-08 2.93e-05 5.78e-05  28.9
        rfifo (raminfr_addr_width4_data_width8_depth16_0)
                                      1.91e-05 1.40e-09 2.04e-05 3.95e-05  19.8
    i_uart_sync_flops (uart_sync_flops_1_1)
                                      3.09e-07 2.57e-12 3.30e-08 3.42e-07   0.2
    transmitter (uart_transmitter)    2.45e-05 5.98e-08 2.56e-05 5.01e-05  25.1
      fifo_tx (uart_tfifo)            2.11e-05 3.14e-09 1.88e-05 3.99e-05  20.0
        tfifo (raminfr_addr_width4_data_width8_depth16_1)
                                      1.91e-05 1.26e-09 1.65e-05 3.56e-05  17.8
  wb_interface (uart_wb)              1.19e-05 2.12e-07 1.11e-05 2.33e-05  11.7
1
