 
****************************************
Report : qor
Design : uart_top_pipe
Version: W-2024.09-SP5-4
Date   : Tue Jun  2 20:15:08 2026
****************************************


  Timing Path Group 'wb_clk'
  -----------------------------------
  Levels of Logic:               9.00
  Critical Path Length:          6.99
  Critical Path Slack:           0.00
  Critical Path Clk Period:      9.02
  Total Negative Slack:          0.00
  No. of Violating Paths:        0.00
  Worst Hold Violation:          0.00
  Total Hold Violation:          0.00
  No. of Hold Violations:        0.00
  -----------------------------------


  Cell Count
  -----------------------------------
  Hierarchical Cell Count:         10
  Hierarchical Port Count:        517
  Leaf Cell Count:               2611
  Buf/Inv Cell Count:             279
  Buf Cell Count:                  20
  Inv Cell Count:                 259
  CT Buf/Inv Cell Count:            0
  Combinational Cell Count:      2006
  Sequential Cell Count:          605
  Macro Count:                      0
  -----------------------------------


  Area
  -----------------------------------
  Combinational Area:     4882.614588
  Noncombinational Area:  4285.884494
  Buf/Inv Area:            382.486722
  Total Buffer Area:            44.22
  Total Inverter Area:         338.27
  Macro/Black Box Area:      0.000000
  Net Area:               2070.577050
  -----------------------------------
  Cell Area:              9168.499083
  Design Area:           11239.076133


  Design Rules
  -----------------------------------
  Total Number of Nets:          3128
  Nets With Violations:             4
  Max Trans Violations:             3
  Max Cap Violations:               2
  -----------------------------------


  Hostname: bender.engr.ucr.edu

  Compile CPU Statistics
  -----------------------------------------
  Resource Sharing:                    0.00
  Logic Optimization:                  0.61
  Mapping Optimization:               12.98
  -----------------------------------------
  Overall Compile Time:               26.75
  Overall Compile Wall Clock Time:    27.38

  --------------------------------------------------------------------

  Design  WNS: 0.00  TNS: 0.00  Number of Violating Paths: 0


  Design (Hold)  WNS: 0.00  TNS: 0.00  Number of Violating Paths: 0

  --------------------------------------------------------------------


1
